Last login: Sun Oct  2 19:31:07 on ttys000
vinay@VinayGovardhanams-MacBook-Pro Mini Project % sudo mysql -u root
Password:
ERROR 1045 (28000): Access denied for user 'root'@'localhost' (using password: NO)
vinay@VinayGovardhanams-MacBook-Pro Mini Project % sudo mysql -u root
ERROR 1045 (28000): Access denied for user 'root'@'localhost' (using password: NO)
vinay@VinayGovardhanams-MacBook-Pro Mini Project % sudo mysql -u root
ERROR 1045 (28000): Access denied for user 'root'@'localhost' (using password: NO)
vinay@VinayGovardhanams-MacBook-Pro Mini Project % sudo mysql -u root -p
Enter password: 
Welcome to the MySQL monitor.  Commands end with ; or \g.
Your MySQL connection id is 119
Server version: 8.0.30 MySQL Community Server - GPL

Copyright (c) 2000, 2022, Oracle and/or its affiliates.

Oracle is a registered trademark of Oracle Corporation and/or its
affiliates. Other names may be trademarks of their respective
owners.

Type 'help;' or '\h' for help. Type '\c' to clear the current input statement.

mysql> show databases;
+--------------------+
| Database           |
+--------------------+
| Inclass            |
| information_schema |
| ipl                |
| mysql              |
| performance_schema |
| sakila             |
| SQL2Inclass1       |
| sys                |
| testDB             |
| testdb2            |
| week2_db1_1        |
| world              |
+--------------------+
12 rows in set (0.01 sec)

mysql> use ipl;
Reading table information for completion of table and column names
You can turn off this feature to get a quicker startup with -A

Database changed
mysql> show tables;
+---------------------+
| Tables_in_ipl       |
+---------------------+
| IPL_BIDDER_DETAILS  |
| IPL_BIDDER_POINTS   |
| IPL_BIDDING_DETAILS |
| IPL_MATCH           |
| IPL_MATCH_SCHEDULE  |
| IPL_PLAYER          |
| IPL_STADIUM         |
| IPL_TEAM            |
| IPL_TEAM_PLAYERS    |
| IPL_TEAM_STANDINGS  |
| IPL_TOURNAMENT      |
| IPL_USER            |
+---------------------+
12 rows in set (0.00 sec)

mysql> 
mysql> select * from IPL_BIDDER_DETAILS limit 30; 
+-----------+---------+----------------------+------------+--------------------------+---------+
| BIDDER_ID | USER_ID | BIDDER_NAME          | CONTACT_NO | EMAIL_ID                 | REMARKS |
+-----------+---------+----------------------+------------+--------------------------+---------+
|       102 | USR002  | Krishan Valimbe      | 7088118461 | valimbek@yahoo.com       | NULL    |
|       103 | USR003  | Megaduta Dheer       | 9325049602 | dheerm@gmail.com         | NULL    |
|       104 | USR004  | Chatur Mahalanabis   | 7135247807 | mahalanabisc@yahoo.co.in | NULL    |
|       105 | USR005  | Shackcham Bajpeyi    | 7836088705 | bajpeyis@yahoo.com       | NULL    |
|       106 | USR006  | Vineet Hegadi        | 8824587622 | hegadiv@gmail.com        | NULL    |
|       107 | USR007  | Vakpati Munshi       | 6547277826 | munshiv@gmail.com        | NULL    |
|       108 | USR008  | Kusika Rajavade      | 8481700165 | rajavadek@yahoo.com      | NULL    |
|       109 | USR009  | Gagan Panda          | 7121254186 | pandag@edge.com          | NULL    |
|       110 | USR010  | Mishri Nayar         | 9824959314 | nayarm@edge.com          | NULL    |
|       111 | USR011  | Amara Mudaliyar      | 9287282100 | mudaliyara@yahoo.com     | NULL    |
|       112 | USR012  | Shinu Sanyal         | 6732250379 | sanyals@edge.com         | NULL    |
|       113 | USR013  | Vijaya Mayadev       | 8844350689 | mayadevv@edge.com        | NULL    |
|       114 | USR014  | Durgautti Misra      | 8169330574 | misrad@edge.com          | NULL    |
|       115 | USR015  | Jayanti Chadda       | 9468271869 | chaddaj@edge.com         | NULL    |
|       116 | USR016  | Ronald D'Souza       | 6943983550 | kumarb@gmail.com         | NULL    |
|       117 | USR017  | Nagini Sarkar        | 7458743576 | sarkarn@yahoo.com        | NULL    |
|       118 | USR018  | Akshara Pandey       | 6475579718 | pandeya@ipl.co.in        | NULL    |
|       119 | USR019  | Madri Valimbe        | 9807726348 | valimbem@gmail.com       | NULL    |
|       120 | USR020  | Saurandhri Mahanta   | 8465838514 | mahantas@yahoo.co.in     | NULL    |
|       121 | USR021  | Aryabhatta Parachure | 6887518099 | parachurea@yahoo.com     | NULL    |
|       122 | USR022  | Veer Tipanis         | 6709912746 | tipanisv@ipl.co.in       | NULL    |
|       123 | USR023  | Ganesh Phadatare     | 6722490653 | phadatareg@ipl.co.in     | NULL    |
|       124 | USR024  | Sackhcham Nayar      | 7563150546 | nayars@edge.com          | NULL    |
|       125 | USR025  | Gagan Adwani         | 6665727109 | adwanig@yahoo.com        | NULL    |
|       126 | USR026  | Vincy Fernandes      | 6815856957 | vinfern@yahoo.co.in      | NULL    |
|       127 | USR027  | Panini Mallaya       | 7415107521 | mallayap@yahoo.co.in     | NULL    |
|       128 | USR028  | Salil Choudhary      | 9187146065 | salilch@yahoo.co.in      | NULL    |
|       129 | USR029  | Aryabhata Valimbe    | 8580175938 | valimbea@ipl.co.in       | NULL    |
|       130 | USR030  | Nawazuddin Saif      | 9017365395 | nawazs@gmail.com         | NULL    |
|       131 | USR031  | Maya Gharapure       | 7434834146 | gharapurem@gmail.com     | NULL    |
+-----------+---------+----------------------+------------+--------------------------+---------+
30 rows in set (0.00 sec)

mysql> select * from IPL_BIDDER_POINTS limit 30;  
+-----------+------------+------------+---------------+--------------+-----------+
| BIDDER_ID | TOURNMT_ID | NO_OF_BIDS | NO_OF_MATCHES | TOTAL_POINTS | REMARKS   |
+-----------+------------+------------+---------------+--------------+-----------+
|       102 |       2018 |          4 |             4 |            0 | NULL      |
|       103 |       2018 |          5 |             5 |           19 | Runner up |
|       104 |       2018 |          7 |             5 |           17 | NULL      |
|       105 |       2018 |          9 |             8 |            4 | NULL      |
|       106 |       2018 |         10 |             9 |           14 | NULL      |
|       107 |       2018 |          8 |             7 |            6 | NULL      |
|       108 |       2018 |          7 |             6 |            6 | NULL      |
|       109 |       2018 |          5 |             4 |            0 | NULL      |
|       110 |       2018 |          9 |             8 |           15 | NULL      |
|       111 |       2018 |          7 |             6 |            7 | NULL      |
|       112 |       2018 |          8 |             8 |            9 | NULL      |
|       113 |       2018 |          7 |             7 |            9 | NULL      |
|       114 |       2018 |          8 |             7 |           10 | NULL      |
|       115 |       2018 |          6 |             6 |            5 | NULL      |
|       116 |       2018 |          3 |             3 |            0 | NULL      |
|       117 |       2018 |          5 |             3 |            5 | NULL      |
|       118 |       2018 |          6 |             6 |           15 | NULL      |
|       119 |       2018 |         10 |             8 |            2 | NULL      |
|       120 |       2018 |          4 |             4 |            5 | NULL      |
|       121 |       2018 |         11 |            11 |           35 | Winner    |
|       122 |       2018 |          3 |             3 |            4 | NULL      |
|       123 |       2018 |          6 |             6 |           11 | NULL      |
|       124 |       2018 |          5 |             5 |            7 | NULL      |
|       125 |       2018 |          9 |             7 |            8 | NULL      |
|       126 |       2018 |          5 |             5 |           12 | NULL      |
|       127 |       2018 |          8 |             8 |           12 | NULL      |
|       128 |       2018 |          4 |             4 |            4 | NULL      |
|       129 |       2018 |          8 |             8 |            9 | NULL      |
|       130 |       2018 |          7 |             7 |            5 | NULL      |
|       131 |       2018 |          6 |             6 |           12 | NULL      |
+-----------+------------+------------+---------------+--------------+-----------+
30 rows in set (0.00 sec)

mysql> select * from IPL_BIDDING_DETAILS limit 30;
+-----------+-------------+----------+---------------------+------------+
| BIDDER_ID | SCHEDULE_ID | BID_TEAM | BID_DATE            | BID_STATUS |
+-----------+-------------+----------+---------------------+------------+
|       102 |       10002 |        1 | 2017-04-05 00:00:00 | Bid        |
|       102 |       10016 |        7 | 2017-04-17 00:00:00 | Lost       |
|       102 |       10080 |        7 | 2018-04-23 00:00:00 | Lost       |
|       102 |       10084 |        8 | 2018-04-25 00:00:00 | Lost       |
|       103 |       10017 |        1 | 2017-04-17 00:00:00 | Won        |
|       103 |       10041 |        8 | 2017-05-05 00:00:00 | Won        |
|       103 |       10042 |        7 | 2017-05-05 00:00:00 | Won        |
|       103 |       10086 |        8 | 2018-04-26 00:00:00 | Won        |
|       103 |       10098 |        6 | 2018-05-04 00:00:00 | Won        |
|       104 |       10002 |        1 | 2017-04-05 00:00:00 | Won        |
|       104 |       10006 |        7 | 2017-04-09 00:00:00 | Won        |
|       104 |       10053 |        6 | 2017-05-13 00:00:00 | Won        |
|       104 |       10053 |        6 | 2017-05-14 00:00:00 | Cancelled  |
|       104 |       10054 |        1 | 2017-05-15 00:00:00 | Won        |
|       104 |       10086 |        2 | 2018-04-26 00:00:00 | Cancelled  |
|       104 |       10119 |        8 | 2018-05-23 00:00:00 | Won        |
|       105 |       10031 |        3 | 2017-04-30 00:00:00 | Bid        |
|       105 |       10034 |        8 | 2017-05-01 00:00:00 | Lost       |
|       105 |       10054 |        1 | 2017-05-15 00:00:00 | Lost       |
|       105 |       10062 |        2 | 2018-04-07 00:00:00 | Lost       |
|       105 |       10074 |        3 | 2018-04-16 00:00:00 | Won        |
|       105 |       10076 |        3 | 2018-04-20 00:00:00 | Won        |
|       105 |       10086 |        8 | 2018-04-26 00:00:00 | Cancelled  |
|       105 |       10089 |        2 | 2018-04-28 00:00:00 | Bid        |
|       105 |       10096 |        8 | 2018-05-02 00:00:00 | Bid        |
|       106 |       10001 |        2 | 2017-04-05 00:00:00 | Won        |
|       106 |       10020 |        6 | 2017-04-22 00:00:00 | Bid        |
|       106 |       10047 |        5 | 2017-05-09 00:00:00 | Won        |
|       106 |       10058 |        7 | 2017-05-17 00:00:00 | Bid        |
|       106 |       10060 |        6 | 2017-05-19 00:00:00 | Cancelled  |
+-----------+-------------+----------+---------------------+------------+
30 rows in set (0.00 sec)

mysql> select * from IPL_MATCH limit 30;          
+----------+----------+----------+-------------+--------------+--------------------------+---------+
| MATCH_ID | TEAM_ID1 | TEAM_ID2 | TOSS_WINNER | MATCH_WINNER | WIN_DETAILS              | REMARKS |
+----------+----------+----------+-------------+--------------+--------------------------+---------+
|     1001 |        1 |        2 |           2 |            1 | Team CSK won by 7 Wkts   | NULL    |
|     1002 |        1 |        3 |           2 |            1 | Team CSK won by 7 Wkts   | NULL    |
|     1003 |        1 |        4 |           1 |            2 | Team KKR won by 35 Runs  | NULL    |
|     1004 |        1 |        5 |           2 |            1 | Team CSK won by 7 Wkts   | NULL    |
|     1005 |        1 |        6 |           1 |            2 | Team RR won by 35 Runs   | NULL    |
|     1006 |        1 |        7 |           2 |            2 | Team RCB won by 35 Runs  | NULL    |
|     1007 |        2 |        1 |           2 |            1 | Team DD won by 35 Runs   | NULL    |
|     1008 |        2 |        3 |           2 |            1 | Team DD won by 35 Runs   | NULL    |
|     1009 |        2 |        4 |           1 |            1 | Team DD won by 35 Runs   | NULL    |
|     1010 |        2 |        5 |           2 |            2 | Team MI won by 7 Wkts    | NULL    |
|     1011 |        2 |        6 |           1 |            2 | Team RR won by 35 Runs   | NULL    |
|     1012 |        2 |        7 |           2 |            1 | Team DD won by 7 Wkts    | NULL    |
|     1013 |        2 |        8 |           2 |            2 | Team SRH won by 7 Wkts   | NULL    |
|     1014 |        3 |        2 |           1 |            1 | Team KXIP won by 7 Wkts  | NULL    |
|     1015 |        3 |        1 |           1 |            2 | Team CSK won by 7 Wkts   | NULL    |
|     1016 |        3 |        4 |           2 |            1 | Team KXIP won by 35 Runs | NULL    |
|     1017 |        3 |        5 |           1 |            1 | Team KXIP won by 7 Wkts  | NULL    |
|     1018 |        3 |        6 |           1 |            2 | Team RR won by 7 Wkts    | NULL    |
|     1019 |        3 |        7 |           1 |            1 | Team KXIP won by 35 Runs | NULL    |
|     1020 |        3 |        8 |           2 |            1 | Team KXIP won by 35 Runs | NULL    |
|     1021 |        4 |        2 |           1 |            2 | Team DD won by 35 Runs   | NULL    |
|     1022 |        4 |        3 |           1 |            2 | Team KXIP won by 7 Wkts  | NULL    |
|     1023 |        4 |        5 |           1 |            2 | Team MI won by 35 Runs   | NULL    |
|     1024 |        4 |        6 |           1 |            2 | Team RR won by 35 Runs   | NULL    |
|     1025 |        4 |        7 |           2 |            1 | Team KKR won by 7 Wkts   | NULL    |
|     1026 |        4 |        8 |           2 |            2 | Team SRH won by 35 Runs  | NULL    |
|     1027 |        5 |        2 |           2 |            1 | Team MI won by 35 Runs   | NULL    |
|     1028 |        5 |        3 |           1 |            2 | Team KXIP won by 7 Wkts  | NULL    |
|     1029 |        5 |        4 |           2 |            2 | Team KKR won by 7 Wkts   | NULL    |
|     1030 |        5 |        1 |           2 |            2 | Team CSK won by 7 Wkts   | NULL    |
+----------+----------+----------+-------------+--------------+--------------------------+---------+
30 rows in set (0.00 sec)

mysql> select * from IPL_MATCH_SCHEDULE limit 30; 
+-------------+------------+----------+------------+---------------------+------------+------------+-----------+-------------------------+
| SCHEDULE_ID | TOURNMT_ID | MATCH_ID | MATCH_TYPE | MATCH_DATE          | START_TIME | STADIUM_ID | STATUS    | REMARKS                 |
+-------------+------------+----------+------------+---------------------+------------+------------+-----------+-------------------------+
|       10001 |       2017 |     1001 | League     | 2017-04-05 00:00:00 |       1600 |          6 | Completed | NULL                    |
|       10002 |       2017 |     1002 | League     | 2017-04-05 00:00:00 |       2000 |          7 | Completed | NULL                    |
|       10003 |       2017 |     1027 | League     | 2017-04-07 00:00:00 |       1600 |          7 | Completed | NULL                    |
|       10004 |       2017 |     1032 | League     | 2017-04-08 00:00:00 |       2000 |          7 | Completed | NULL                    |
|       10005 |       2017 |     1039 | League     | 2017-04-09 00:00:00 |       1600 |          3 | Completed | NULL                    |
|       10006 |       2017 |     1006 | League     | 2017-04-09 00:00:00 |       2000 |          1 | Completed | NULL                    |
|       10007 |       2017 |     1033 | League     | 2017-04-10 00:00:00 |       1600 |          1 | Completed | NULL                    |
|       10008 |       2017 |     1016 | League     | 2017-04-10 00:00:00 |       2000 |          8 | Cancelled | Unforeseen circumstance |
|       10009 |       2017 |     1007 | League     | 2017-04-11 00:00:00 |       1600 |          2 | Completed | NULL                    |
|       10010 |       2017 |     1023 | League     | 2017-04-11 00:00:00 |       2000 |          8 | Completed | NULL                    |
|       10011 |       2017 |     1031 | League     | 2017-04-13 00:00:00 |       1600 |          6 | Completed | NULL                    |
|       10012 |       2017 |     1013 | League     | 2017-04-15 00:00:00 |       2000 |          1 | Completed | NULL                    |
|       10013 |       2017 |     1038 | League     | 2017-04-15 00:00:00 |       1600 |          7 | Completed | NULL                    |
|       10014 |       2017 |     1051 | League     | 2017-04-16 00:00:00 |       2000 |          2 | Completed | NULL                    |
|       10015 |       2017 |     1004 | League     | 2017-04-16 00:00:00 |       1600 |          1 | Completed | NULL                    |
|       10016 |       2017 |     1041 | League     | 2017-04-17 00:00:00 |       2000 |          9 | Completed | NULL                    |
|       10017 |       2017 |     1045 | League     | 2017-04-17 00:00:00 |       1600 |          6 | Completed | NULL                    |
|       10018 |       2017 |     1005 | League     | 2017-04-21 00:00:00 |       2000 |          3 | Completed | NULL                    |
|       10019 |       2017 |     1034 | League     | 2017-04-21 00:00:00 |       1600 |          8 | Completed | NULL                    |
|       10020 |       2017 |     1040 | League     | 2017-04-22 00:00:00 |       2000 |          1 | Completed | NULL                    |
|       10021 |       2017 |     1020 | League     | 2017-04-22 00:00:00 |       1600 |          6 | Completed | NULL                    |
|       10022 |       2017 |     1018 | League     | 2017-04-23 00:00:00 |       2000 |          9 | Completed | NULL                    |
|       10023 |       2017 |     1028 | League     | 2017-04-24 00:00:00 |       1600 |          5 | Completed | NULL                    |
|       10024 |       2017 |     1009 | League     | 2017-04-26 00:00:00 |       2000 |         10 | Completed | NULL                    |
|       10025 |       2017 |     1022 | League     | 2017-04-27 00:00:00 |       1600 |          3 | Completed | NULL                    |
|       10026 |       2017 |     1052 | League     | 2017-04-27 00:00:00 |       2000 |          1 | Completed | NULL                    |
|       10027 |       2017 |     1019 | League     | 2017-04-28 00:00:00 |       1600 |          1 | Completed | NULL                    |
|       10028 |       2017 |     1025 | League     | 2017-04-28 00:00:00 |       2000 |          2 | Completed | NULL                    |
|       10029 |       2017 |     1017 | League     | 2017-04-29 00:00:00 |       1600 |          6 | Completed | NULL                    |
|       10030 |       2017 |     1014 | League     | 2017-04-29 00:00:00 |       2000 |          2 | Completed | NULL                    |
+-------------+------------+----------+------------+---------------------+------------+------------+-----------+-------------------------+
30 rows in set (0.00 sec)

mysql> select * from IPL_PLAYER limit 30;         
+-----------+---------------------+----------------------------------------------------------+---------------+
| PLAYER_ID | PLAYER_NAME         | PERFORMANCE_DTLS                                         | REMARKS       |
+-----------+---------------------+----------------------------------------------------------+---------------+
|         1 | Sunil Narine        | Pts-379.5 Mat-16 Wkt-17 Dot-137 4s-40 6s-23 Cat-1 Stmp-0 | Top performer |
|         2 | Shane Watson        | Pts-318 Mat-15 Wkt-6 Dot-57 4s-44 6s-35 Cat-3 Stmp-0     | Second best   |
|         3 | Rishabh Pant        | Pts-314.5 Mat-14 Wkt-0 Dot-0 4s-68 6s-37 Cat-4 Stmp-2    | Third best    |
|         4 | Lokesh Rahul        | Pts-304.5 Mat-14 Wkt-0 Dot-0 4s-66 6s-32 Cat-10 Stmp-1   | NULL          |
|         5 | Andre Russell       | Pts-292.5 Mat-16 Wkt-13 Dot-76 4s-17 6s-31 Cat-8 Stmp-0  | NULL          |
|         6 | Rashid Khan         | Pts-284 Mat-17 Wkt-21 Dot-167 4s-3 6s-6 Cat-6 Stmp-0     | NULL          |
|         7 | Kane Williamson     | Pts-273 Mat-17 Wkt-0 Dot-0 4s-64 6s-28 Cat-6 Stmp-0      | NULL          |
|         8 | Hardik Pandya       | Pts-269.5 Mat-13 Wkt-18 Dot-98 4s-20 6s-11 Cat-8 Stmp-0  | NULL          |
|         9 | Ambati Rayudu       | Pts-256.5 Mat-16 Wkt-0 Dot-0 4s-53 6s-34 Cat-2 Stmp-0    | NULL          |
|        10 | Krunal Pandya       | Pts-239.5 Mat-14 Wkt-12 Dot-85 4s-22 6s-10 Cat-9 Stmp-0  | NULL          |
|        11 | Shakib Al Hasan     | Pts-237 Mat-17 Wkt-14 Dot-98 4s-26 6s-5 Cat-3 Stmp-0     | NULL          |
|        12 | Suryakumar Yadav    | Pts-228.5 Mat-14 Wkt-0 Dot-0 4s-61 6s-16 Cat-8 Stmp-0    | NULL          |
|        13 | Jos Buttler         | Pts-228.5 Mat-13 Wkt-0 Dot-0 4s-52 6s-21 Cat-9 Stmp-1    | NULL          |
|        14 | Shikhar Dhawan      | Pts-226.5 Mat-16 Wkt-0 Dot-0 4s-59 6s-14 Cat-12 Stmp-0   | NULL          |
|        15 | Dinesh Karthik      | Pts-223.5 Mat-16 Wkt-0 Dot-0 4s-49 6s-16 Cat-14 Stmp-4   | NULL          |
|        16 | Umesh Yadav         | Pts-223 Mat-14 Wkt-20 Dot-148 4s-0 6s-0 Cat-2 Stmp-0     | NULL          |
|        17 | Andrew Tye          | Pts-221 Mat-14 Wkt-24 Dot-116 4s-2 6s-1 Cat-5 Stmp-0     | NULL          |
|        18 | AB de Villiers      | Pts-217.5 Mat-12 Wkt-0 Dot-0 4s-39 6s-30 Cat-6 Stmp-0    | NULL          |
|        19 | Dwayne Bravo        | Pts-216.5 Mat-16 Wkt-14 Dot-90 4s-8 6s-10 Cat-9 Stmp-0   | NULL          |
|        20 | Virat Kohli         | Pts-213 Mat-14 Wkt-0 Dot-0 4s-52 6s-18 Cat-8 Stmp-0      | NULL          |
|        21 | Chris Lynn          | Pts-210.5 Mat-16 Wkt-0 Dot-0 4s-56 6s-18 Cat-3 Stmp-0    | NULL          |
|        22 | Siddarth Kaul       | Pts-209.5 Mat-17 Wkt-21 Dot-131 4s-0 6s-0 Cat-2 Stmp-0   | NULL          |
|        23 | Krishnappa Gowtham  | Pts-207.5 Mat-15 Wkt-11 Dot-90 4s-9 6s-9 Cat-10 Stmp-0   | NULL          |
|        24 | Jasprit Bumrah      | Pts-205 Mat-14 Wkt-17 Dot-133 4s-1 6s-0 Cat-4 Stmp-0     | NULL          |
|        25 | Trent Boult         | Pts-203.5 Mat-14 Wkt-18 Dot-118 4s-0 6s-0 Cat-9 Stmp-0   | NULL          |
|        26 | MS Dhoni            | Pts-200 Mat-16 Wkt-0 Dot-0 4s-24 6s-30 Cat-11 Stmp-3     | NULL          |
|        27 | Shardul Thakur      | Pts-186.5 Mat-13 Wkt-16 Dot-113 4s-3 6s-0 Cat-4 Stmp-0   | NULL          |
|        28 | Suresh Raina        | Pts-179.5 Mat-15 Wkt-0 Dot-0 4s-46 6s-12 Cat-9 Stmp-0    | NULL          |
|        29 | Piyush Chawla       | Pts-175 Mat-15 Wkt-14 Dot-110 4s-1 6s-1 Cat-4 Stmp-0     | NULL          |
|        30 | Yuzvendra Chahal    | Pts-175 Mat-14 Wkt-12 Dot-128 4s-0 6s-0 Cat-2 Stmp-0     | NULL          |
+-----------+---------------------+----------------------------------------------------------+---------------+
30 rows in set (0.00 sec)

mysql> select * from IPL_STADIUM limit 30;        
+------------+------------------------------------+-----------+----------+-----------------------------------------------+------------+
| STADIUM_ID | STADIUM_NAME                       | CITY      | CAPACITY | ADDRESS                                       | CONTACT_NO |
+------------+------------------------------------+-----------+----------+-----------------------------------------------+------------+
|          1 | Wankhede Stadium                   | Mumbai    |    45000 | Wankhede Stadium, Mumbai                      | 6232108776 |
|          2 | Feroz Shah Kotla                   | Delhi     |    48000 | Feroz Shah Kotla, Delhi                       | 7471757880 |
|          3 | Eden Gardens                       | Kolkata   |    90000 | Eden Gardens, Kolkata                         | 6847069662 |
|          4 | Rajiv Gandhi International Stadium | Hyderabad |    55000 | Rajiv Gandhi International Stadium, Hyderabad | 6555859360 |
|          5 | MS Chidambaram Stadium             | Chennai   |    50000 | MS Chidambaram Stadium, Chennai               | 9534880787 |
|          6 | Sawai Mansingh Stadium             | Jaipur    |    30000 | Sawai Mansingh Stadium, Jaipur                | 9255986370 |
|          7 | M. Chinnaswamy Stadium             | Bengaluru |    40000 | M. Chinnaswamy Stadium, Bengaluru             | 6680348191 |
|          8 | Is Bindra Stadium                  | Mohali    |    30000 | Is Bindra Stadium, Mohali                     | 6370992699 |
|          9 | Holkar Stadium                     | Indore    |    30000 | Holkar Stadium, Indore                        | 9045919945 |
|         10 | MCA Stadium                        | Pune      |    35000 | MCA Stadium, Pune                             | 8541151117 |
+------------+------------------------------------+-----------+----------+-----------------------------------------------+------------+
10 rows in set (0.00 sec)

mysql> select * from IPL_TEAM limit 30;           
+---------+-----------------------------+----------------------------------+---------+
| TEAM_ID | TEAM_NAME                   | TEAM_CITY                        | REMARKS |
+---------+-----------------------------+----------------------------------+---------+
|       1 | Chennai Super Kings         | Chennai, Tamil Nadu              | CSK     |
|       2 | Delhi Daredevils            | Delhi, NCR                       | DD      |
|       3 | Kings XI Punjab             | Mohali (Chandigarh CR), Punjab   | KXIP    |
|       4 | Kolkata Knight Riders       | Kolkata, West Bengal             | KKR     |
|       5 | Mumbai Indians              | Mumbai, Maharashtra              | MI      |
|       6 | Rajasthan Royals            | Jaipur, Rajasthan                | RR      |
|       7 | Royal Challengers Bangalore | Bangalore, Karnataka             | RCB     |
|       8 | Sunrisers Hyderabad         | Hyderabad, Telangana             | SRH     |
+---------+-----------------------------+----------------------------------+---------+
8 rows in set (0.00 sec)

mysql> select * from IPL_TEAM_PLAYERS limit 30;   
+---------+-----------+-------------+-------------+
| TEAM_ID | PLAYER_ID | PLAYER_ROLE | REMARKS     |
+---------+-----------+-------------+-------------+
|       1 |         2 | Bowler      | TEAM - RR   |
|       1 |         9 | All-Rounder | TEAM - MI   |
|       1 |        19 | Batsman     | TEAM - KXIP |
|       1 |        26 | Bowler      | TEAM - MI   |
|       1 |        27 | All-Rounder | TEAM - MI   |
|       1 |        28 | Batsman     | TEAM - SRH  |
|       1 |        34 | Bowler      | TEAM - RCB  |
|       1 |        36 | Bowler      | TEAM - DD   |
|       1 |        57 | Bowler      | TEAM - SRH  |
|       1 |        59 | Batsman     | TEAM - SRH  |
|       1 |        87 | Bowler      | TEAM - CSK  |
|       1 |        88 | Batsman     | TEAM - DD   |
|       1 |       102 | Batsman     | TEAM - KXIP |
|       1 |       109 | Bowler      | TEAM - SRH  |
|       1 |       113 | Batsman     | TEAM - MI   |
|       1 |       120 | Bowler      | TEAM - CSK  |
|       1 |       136 | All-Rounder | TEAM - CSK  |
|       1 |       137 | Bowler      | TEAM - CSK  |
|       1 |       145 | Batsman     | TEAM - KXIP |
|       1 |       146 | All-Rounder | TEAM - KXIP |
|       2 |         3 | Batsman     | TEAM - KXIP |
|       2 |        25 | Batsman     | TEAM - KXIP |
|       2 |        42 | Batsman     | TEAM - RCB  |
|       2 |        52 | All-Rounder | TEAM - DD   |
|       2 |        58 | Bowler      | TEAM - SRH  |
|       2 |        60 | Batsman     | TEAM - DD   |
|       2 |        66 | Bowler      | TEAM - DD   |
|       2 |        72 | All-Rounder | TEAM - RCB  |
|       2 |        74 | Bowler      | TEAM - CSK  |
|       2 |        90 | Bowler      | TEAM - MI   |
+---------+-----------+-------------+-------------+
30 rows in set (0.00 sec)

mysql> select * from IPL_TEAM_STANDINGS limit 30; 
+---------+------------+----------------+-------------+--------------+--------------+-----------+--------------+-----------+
| TEAM_ID | TOURNMT_ID | MATCHES_PLAYED | MATCHES_WON | MATCHES_LOST | MATCHES_TIED | NO_RESULT | TOTAL_POINTS | REMARKS   |
+---------+------------+----------------+-------------+--------------+--------------+-----------+--------------+-----------+
|       1 |       2017 |             14 |           9 |            5 |            0 |         0 |           18 | NULL      |
|       1 |       2018 |             14 |           9 |            5 |            0 |         0 |           18 | Champions |
|       2 |       2017 |             14 |           6 |            8 |            0 |         0 |           12 | NULL      |
|       2 |       2018 |             14 |           5 |            9 |            0 |         0 |           10 | NULL      |
|       3 |       2017 |             14 |           7 |            7 |            0 |         0 |           14 | NULL      |
|       3 |       2018 |             14 |           6 |            8 |            0 |         0 |           12 | NULL      |
|       4 |       2017 |             14 |           8 |            6 |            0 |         0 |           16 | NULL      |
|       4 |       2018 |             14 |           8 |            6 |            0 |         0 |           16 | NULL      |
|       5 |       2017 |             14 |          10 |            4 |            0 |         0 |           20 | Champions |
|       5 |       2018 |             14 |           6 |            8 |            0 |         0 |           12 | NULL      |
|       6 |       2017 |             14 |           9 |            5 |            0 |         0 |            8 | NULL      |
|       6 |       2018 |             14 |           7 |            7 |            0 |         0 |           14 | NULL      |
|       7 |       2017 |             14 |           3 |           10 |            0 |         1 |            7 | NULL      |
|       7 |       2018 |             14 |           6 |            8 |            0 |         0 |           12 | NULL      |
|       8 |       2017 |             14 |           8 |            5 |            0 |         1 |           17 | NULL      |
|       8 |       2018 |             14 |           9 |            5 |            0 |         0 |           18 | NULL      |
+---------+------------+----------------+-------------+--------------+--------------+-----------+--------------+-----------+
16 rows in set (0.00 sec)

mysql> select * from IPL_TOURNAMENT limit 30;     
+------------+-------------------+---------------------+---------------------+------------+---------------+-----------------+
| TOURNMT_ID | TOURNMT_NAME      | FROM_DATE           | TO_DATE             | TEAM_COUNT | TOTAL_MATCHES | REMARKS         |
+------------+-------------------+---------------------+---------------------+------------+---------------+-----------------+
|       2008 | IPL SEASON - 2008 | 2008-04-18 00:00:00 | 2008-06-01 00:00:00 |          8 |            59 | Champions - RR  |
|       2009 | IPL SEASON - 2009 | 2009-04-18 00:00:00 | 2009-05-24 00:00:00 |          8 |            59 | Champions - DC  |
|       2010 | IPL SEASON - 2010 | 2010-03-12 00:00:00 | 2010-04-25 00:00:00 |          8 |            60 | Champions - CSK |
|       2011 | IPL SEASON - 2011 | 2011-04-08 00:00:00 | 2011-05-28 00:00:00 |         10 |            74 | Champions - CSK |
|       2012 | IPL SEASON - 2012 | 2012-04-04 00:00:00 | 2012-05-27 00:00:00 |          9 |            76 | Champions - KKR |
|       2013 | IPL SEASON - 2013 | 2013-04-03 00:00:00 | 2013-05-26 00:00:00 |          9 |            76 | Champions - MI  |
|       2014 | IPL SEASON - 2014 | 2014-04-16 00:00:00 | 2014-06-01 00:00:00 |          8 |            60 | Champions - KKR |
|       2015 | IPL SEASON - 2015 | 2015-04-08 00:00:00 | 2015-05-24 00:00:00 |          8 |            60 | Champions - MI  |
|       2016 | IPL SEASON - 2016 | 2016-04-09 00:00:00 | 2016-05-29 00:00:00 |          8 |            60 | Champions - SRH |
|       2017 | IPL SEASON - 2017 | 2017-04-05 00:00:00 | 2017-05-21 00:00:00 |          8 |            60 | Champions - MI  |
|       2018 | IPL SEASON - 2018 | 2018-04-07 00:00:00 | 2018-05-27 00:00:00 |          8 |            60 | Champions - CSK |
+------------+-------------------+---------------------+---------------------+------------+---------------+-----------------+
11 rows in set (0.00 sec)

mysql> select * from IPL_USER limit 30;    
+---------+----------+-----------+----------------------+
| USER_ID | PASSWORD | USER_TYPE | REMARKS              |
+---------+----------+-----------+----------------------+
| admin   | Qiheq667 | Admin     | System administrator |
| USR002  | Uuauj599 | Bidder    | NULL                 |
| USR003  | Eouaj349 | Bidder    | NULL                 |
| USR004  | Xegah916 | Bidder    | NULL                 |
| USR005  | Fabai193 | Bidder    | NULL                 |
| USR006  | Debih891 | Bidder    | NULL                 |
| USR007  | Toias988 | Bidder    | NULL                 |
| USR008  | Oijiy996 | Bidder    | NULL                 |
| USR009  | Wixeb478 | Bidder    | NULL                 |
| USR010  | Dojoh725 | Bidder    | NULL                 |
| USR011  | Caxuc180 | Bidder    | NULL                 |
| USR012  | Zuvut888 | Bidder    | NULL                 |
| USR013  | Waiay336 | Bidder    | NULL                 |
| USR014  | Eunud150 | Bidder    | NULL                 |
| USR015  | Fodiy520 | Bidder    | NULL                 |
| USR016  | Taaon354 | Bidder    | NULL                 |
| USR017  | Qegat246 | Bidder    | NULL                 |
| USR018  | Latan774 | Bidder    | NULL                 |
| USR019  | Kenax859 | Bidder    | NULL                 |
| USR020  | Oehov784 | Bidder    | NULL                 |
| USR021  | Jidao220 | Bidder    | NULL                 |
| USR022  | Mesey643 | Bidder    | NULL                 |
| USR023  | Jotup765 | Bidder    | NULL                 |
| USR024  | Diooo769 | Bidder    | NULL                 |
| USR025  | Diyal596 | Bidder    | NULL                 |
| USR026  | Eotir416 | Bidder    | NULL                 |
| USR027  | Tojec918 | Bidder    | NULL                 |
| USR028  | Coiep158 | Bidder    | NULL                 |
| USR029  | Gazou951 | Bidder    | NULL                 |
| USR030  | Yuiip331 | Bidder    | NULL                 |
+---------+----------+-----------+----------------------+
30 rows in set (0.00 sec)

mysql> 
